// Jest Snapshot v1, https://goo.gl/fbAQLP

exports[`Dashboard Flight Chart renders correctly 1`] = `null`;
