// Jest Snapshot v1, https://goo.gl/fbAQLP

exports[`Button of page renders correctly 1`] = `
<div
  className="form-submit"
>
  <button
    className="btn btn-primary btn-md"
    data-testid="btnCoupon"
    id=""
    type="submit"
  />
</div>
`;
