// Jest Snapshot v1, https://goo.gl/fbAQLP

exports[`FooterCopyRight search test FooterCopyRight search component renders correctly 1`] = `
<div
  className="footer-copyright  wide grid"
>
  <div
    className="footer-copyright"
  >
    <p>
      Copyright © 2022 All Rights Reserved
    </p>
  </div>
</div>
`;

exports[`FooterCopyRight test FooterCopyRight component renders correctly 1`] = `
<div
  className="footer-copyright  wide grid"
>
  <div
    className="footer-copyright"
  >
    <p>
      Copyright © 2022 All Rights Reserved
    </p>
  </div>
</div>
`;
