// Jest Snapshot v1, https://goo.gl/fbAQLP

exports[`Admin discount Layout renders correctly 1`] = `
Array [
  <div
    style={
      Object {
        "display": "flex",
        "justifyContent": "end",
        "marginBottom": "10px",
      }
    }
  >
    <button
      className="ant-btn ant-btn-primary"
      disabled={false}
      onClick={[Function]}
      style={
        Object {
          "borderRadius": "12px",
        }
      }
      type="button"
    >
      <span>
        Add a discount
      </span>
    </button>
  </div>,
  <div
    className="ant-table-wrapper"
  >
    <div
      className="ant-spin-nested-loading"
    >
      <div>
        <div
          aria-busy={true}
          aria-live="polite"
          className="ant-spin ant-spin-spinning"
        >
          <span
            className="ant-spin-dot ant-spin-dot-spin"
          >
            <i
              className="ant-spin-dot-item"
            />
            <i
              className="ant-spin-dot-item"
            />
            <i
              className="ant-spin-dot-item"
            />
            <i
              className="ant-spin-dot-item"
            />
          </span>
        </div>
      </div>
      <div
        className="ant-spin-container ant-spin-blur"
      >
        <div
          className="ant-table ant-table-empty"
        >
          <div
            className="ant-table-container"
          >
            <div
              className="ant-table-content"
              onScroll={[Function]}
              style={Object {}}
            >
              <table
                style={
                  Object {
                    "tableLayout": "auto",
                  }
                }
              >
                <colgroup />
                <thead
                  className="ant-table-thead"
                >
                  <tr>
                    <th
                      className="ant-table-cell"
                      colSpan={null}
                      onMouseEnter={[Function]}
                      onMouseLeave={[Function]}
                      rowSpan={null}
                      style={Object {}}
                    >
                      Name
                    </th>
                    <th
                      className="ant-table-cell"
                      colSpan={null}
                      onMouseEnter={[Function]}
                      onMouseLeave={[Function]}
                      rowSpan={null}
                      style={Object {}}
                    >
                      Value
                    </th>
                    <th
                      className="ant-table-cell"
                      colSpan={null}
                      onMouseEnter={[Function]}
                      onMouseLeave={[Function]}
                      rowSpan={null}
                      style={Object {}}
                    >
                      Date created
                    </th>
                    <th
                      className="ant-table-cell"
                      colSpan={null}
                      onMouseEnter={[Function]}
                      onMouseLeave={[Function]}
                      rowSpan={null}
                      style={Object {}}
                    >
                      Actions
                    </th>
                  </tr>
                </thead>
                <tbody
                  className="ant-table-tbody"
                >
                  <tr
                    className="ant-table-placeholder"
                    style={
                      Object {
                        "display": null,
                      }
                    }
                  >
                    <td
                      className="ant-table-cell"
                      colSpan={4}
                      onMouseEnter={[Function]}
                      onMouseLeave={[Function]}
                      rowSpan={null}
                      style={Object {}}
                    >
                      <div
                        className="ant-empty ant-empty-normal"
                      >
                        <div
                          className="ant-empty-image"
                        >
                          <svg
                            className="ant-empty-img-simple"
                            height="41"
                            viewBox="0 0 64 41"
                            width="64"
                            xmlns="http://www.w3.org/2000/svg"
                          >
                            <g
                              fill="none"
                              fillRule="evenodd"
                              transform="translate(0 1)"
                            >
                              <ellipse
                                className="ant-empty-img-simple-ellipse"
                                cx="32"
                                cy="33"
                                rx="32"
                                ry="7"
                              />
                              <g
                                className="ant-empty-img-simple-g"
                                fillRule="nonzero"
                              >
                                <path
                                  d="M55 12.76L44.854 1.258C44.367.474 43.656 0 42.907 0H21.093c-.749 0-1.46.474-1.947 1.257L9 12.761V22h46v-9.24z"
                                />
                                <path
                                  className="ant-empty-img-simple-path"
                                  d="M41.613 15.931c0-1.605.994-2.93 2.227-2.931H55v18.137C55 33.26 53.68 35 52.05 35h-40.1C10.32 35 9 33.259 9 31.137V13h11.16c1.233 0 2.227 1.323 2.227 2.928v.022c0 1.605 1.005 2.901 2.237 2.901h14.752c1.232 0 2.237-1.308 2.237-2.913v-.007z"
                                />
                              </g>
                            </g>
                          </svg>
                        </div>
                        <div
                          className="ant-empty-description"
                        >
                          No Data
                        </div>
                      </div>
                    </td>
                  </tr>
                </tbody>
              </table>
            </div>
          </div>
        </div>
      </div>
    </div>
  </div>,
]
`;
