// Jest Snapshot v1, https://goo.gl/fbAQLP

exports[`Modal rating  renders correctly 1`] = `null`;
