// Jest Snapshot v1, https://goo.gl/fbAQLP

exports[`My Connected React-Redux Component should render with given state from Redux store 1`] = `
<div
  className="booking-travel-date"
>
  <div
    className="booking-page__container__item__title"
  >
    <h3>
      Booking amount
    </h3>
  </div>
  <div
    className="booking-travel-date__container"
  >
    <ul
      className="booking-travel-date__container__value"
    >
      <li>
        <div
          className="booking-travel-date__container__key"
        >
          50
           Price x
           
          1
        </div>
        <div
          className="booking-travel-date__container__key"
        >
          $ 112
        </div>
      </li>
      <li>
        <div
          className="booking-travel-date__container__key"
        >
          Tax
        </div>
        <div
          className="booking-travel-date__container__key"
        >
          NaN
          %
        </div>
      </li>
    </ul>
    <div
      className="booking-travel-date__container__amount"
    >
      <ul>
        <li>
          <div
            className="booking-travel-date__container__key"
          >
            Subtotal
          </div>
          <div
            className="booking-travel-date__container__value"
          >
            $
            112
          </div>
        </li>
        <li>
          <div
            className="booking-travel-date__container__key"
          >
            Discount
          </div>
          <div
            className="booking-travel-date__container__value"
          >
            0% ($0)
          </div>
        </li>
        <li>
          <div
            className="booking-travel-date__container__key"
          >
            Coupon code
          </div>
          <div
            className="booking-travel-date__container__value"
          >
            $
            0
          </div>
        </li>
      </ul>
    </div>
    <div
      className="booking-travel-date__container__total"
    >
      <div
        className="booking-travel-date__container__amount__total__key"
      >
        Total Amount
      </div>
      <div
        className="booking-travel-date__container__amount__total__value"
      >
        $
        123.2
      </div>
    </div>
  </div>
</div>
`;
