// Jest Snapshot v1, https://goo.gl/fbAQLP

exports[`renders correctly 1`] = `
<div
  style={
    Object {
      "opacity": 0,
    }
  }
>
  <section
    className="flight-list-banner"
  >
    <div
      className="grid wide"
    >
      <div
        className="flight-list-banner__text"
      >
        <div
          style={
            Object {
              "opacity": 0,
              "transform": "translateX(-200px) translateZ(0)",
            }
          }
        >
          <h1
            className="ant-typography"
            onClick={null}
            style={
              Object {
                "WebkitLineClamp": undefined,
              }
            }
          >
            EXPLORE THE WORLD WITH US
          </h1>
        </div>
        <div
          style={
            Object {
              "opacity": 0,
              "transform": "translateX(200px) translateZ(0)",
            }
          }
        >
          <h3
            className="ant-typography"
            onClick={null}
            style={
              Object {
                "WebkitLineClamp": undefined,
              }
            }
          >
             
            Amazing journeys. Every day.
          </h3>
        </div>
      </div>
    </div>
  </section>
</div>
`;
