// Jest Snapshot v1, https://goo.gl/fbAQLP

exports[`Scroll to to top button test renders correctly 1`] = `null`;
