// Jest Snapshot v1, https://goo.gl/fbAQLP

exports[`renders correctly 1`] = `
<img
  alt="Loading animation"
  style={
    Object {
      "maxWidth": "100%",
      "objectFit": "contain",
    }
  }
/>
`;
