// Jest Snapshot v1, https://goo.gl/fbAQLP

exports[`Home navigation renders correctly 1`] = `
<div>
  Home navigation
</div>
`;
